// Jest Snapshot v1, https://goo.gl/fbAQLP

exports[`ðŸ“¸ of Total component 1`] = `
<h1
  className="text-3xl font-semibold text-primary my-6 inline-block"
>
  2
   results found
</h1>
`;
